// Jest Snapshot v1, https://goo.gl/fbAQLP

exports[`OfferingTabs renders tabs for Oracle report and snapshots 1`] = `
"<div id=\\"offeringSummary\\"><ul role=\\"tablist\\" class=\\"nav nav-tabs\\"><li role=\\"presentation\\" class=\\"active\\"><a id=\\"offeringSummary-tab-summary\\" role=\\"tab\\" aria-controls=\\"offeringSummary-pane-summary\\" aria-selected=\\"true\\" href=\\"#\\">Summary</a></li><li role=\\"presentation\\" class=\\"\\"><a id=\\"offeringSummary-tab-events\\" role=\\"tab\\" aria-controls=\\"offeringSummary-pane-events\\" tabindex=\\"-1\\" aria-selected=\\"false\\" href=\\"#\\">Audit log</a></li><li role=\\"presentation\\" class=\\"\\"><a id=\\"offeringSummary-tab-comments\\" role=\\"tab\\" aria-controls=\\"offeringSummary-pane-comments\\" tabindex=\\"-1\\" aria-selected=\\"false\\" href=\\"#\\">Comments</a></li></ul><div class=\\"tab-content\\"><div id=\\"offeringSummary-pane-summary\\" aria-labelledby=\\"offeringSummary-tab-summary\\" role=\\"tabpanel\\" aria-hidden=\\"false\\" class=\\"tab-pane active\\"><div class=\\"m-t-sm\\"><div class=\\"row\\"><div class=\\"col-md-6\\"><div class=\\"m-b-md\\"><div class=\\"panel panel-default\\"><div class=\\"panel-heading\\"><div class=\\"panel-title\\">Description</div></div><div class=\\"panel-body\\"><div>Tenants: ---<br>Additional Info: <br>- Organization: ActiveSys<br>- Project: SaaS<br></div></div></div></div><div class=\\"panel panel-default\\"><div class=\\"panel-heading\\"><div class=\\"panel-title\\">Snapshots</div></div><div class=\\"panel-body\\"><div class=\\"table-responsive\\"><table class=\\"table\\"><thead><tr><th>Name</th><th>Copy of</th><th>Creation time</th></tr></thead><tbody><tr><td>ora-tstardb-asm01.170927</td><td>ora-tstardb-asm01</td><td>2017-09-27 23:30:01 GST</td></tr><tr><td>ora-tstardb-asm01.170928</td><td>ora-tstardb-asm01</td><td>2017-09-28 23:30:01 GST</td></tr><tr><td>ora-tstardb-asm01.170929</td><td>ora-tstardb-asm01</td><td>2017-09-29 23:30:01 GST</td></tr><tr><td>ora-tstardb-asm01.170930</td><td>ora-tstardb-asm01</td><td>2017-09-30 23:30:02 GST</td></tr><tr><td>ora-tstardb-asm01.171001</td><td>ora-tstardb-asm01</td><td>2017-10-01 23:30:01 GST</td></tr><tr><td>ora-tstardb-asm01.171002</td><td>ora-tstardb-asm01</td><td>2017-10-02 23:30:02 GST</td></tr><tr><td>ora-tstardb-asm01.171003</td><td>ora-tstardb-asm01</td><td>2017-10-03 23:30:01 GST</td></tr><tr><td>ora-tstardb-asm02.170927</td><td>ora-tstardb-asm02</td><td>2017-09-27 23:30:01 GST</td></tr><tr><td>ora-tstardb-asm02.170928</td><td>ora-tstardb-asm02</td><td>2017-09-28 23:30:01 GST</td></tr><tr><td>ora-tstardb-asm02.170929</td><td>ora-tstardb-asm02</td><td>2017-09-29 23:30:01 GST</td></tr><tr><td>ora-tstardb-asm02.170930</td><td>ora-tstardb-asm02</td><td>2017-09-30 23:30:02 GST</td></tr><tr><td>ora-tstardb-asm02.171001</td><td>ora-tstardb-asm02</td><td>2017-10-01 23:30:01 GST</td></tr><tr><td>ora-tstardb-asm02.171002</td><td>ora-tstardb-asm02</td><td>2017-10-02 23:30:02 GST</td></tr><tr><td>ora-tstardb-asm02.171003</td><td>ora-tstardb-asm02</td><td>2017-10-03 23:30:01 GST</td></tr><tr><td>ora-tstardb-sys.170927</td><td>ora-tstardb-sys</td><td>2017-09-27 23:30:01 GST</td></tr><tr><td>ora-tstardb-sys.170928</td><td>ora-tstardb-sys</td><td>2017-09-28 23:30:01 GST</td></tr><tr><td>ora-tstardb-sys.170929</td><td>ora-tstardb-sys</td><td>2017-09-29 23:30:01 GST</td></tr><tr><td>ora-tstardb-sys.170930</td><td>ora-tstardb-sys</td><td>2017-09-30 23:30:02 GST</td></tr><tr><td>ora-tstardb-sys.171001</td><td>ora-tstardb-sys</td><td>2017-10-01 23:30:01 GST</td></tr><tr><td>ora-tstardb-sys.171002</td><td>ora-tstardb-sys</td><td>2017-10-02 23:30:02 GST</td></tr><tr><td>ora-tstardb-sys.171003</td><td>ora-tstardb-sys</td><td>2017-10-03 23:30:01 GST</td></tr><tr><td>ora-tstardb-u01.170927</td><td>ora-tstardb-u01</td><td>2017-09-27 23:30:01 GST</td></tr><tr><td>ora-tstardb-u01.170928</td><td>ora-tstardb-u01</td><td>2017-09-28 23:30:01 GST</td></tr><tr><td>ora-tstardb-u01.170929</td><td>ora-tstardb-u01</td><td>2017-09-29 23:30:01 GST</td></tr><tr><td>ora-tstardb-u01.170930</td><td>ora-tstardb-u01</td><td>2017-09-30 23:30:02 GST</td></tr><tr><td>ora-tstardb-u01.171001</td><td>ora-tstardb-u01</td><td>2017-10-01 23:30:01 GST</td></tr><tr><td>ora-tstardb-u01.171002</td><td>ora-tstardb-u01</td><td>2017-10-02 23:30:02 GST</td></tr><tr><td>ora-tstardb-u01.171003</td><td>ora-tstardb-u01</td><td>2017-10-03 23:30:01 GST</td></tr><tr><td>------------------------------------------------------------------</td><td></td><td>  </td></tr></tbody></table></div></div></div></div><div class=\\"col-md-6\\"><div id=\\"oracle-report\\" role=\\"tablist\\" class=\\"panel-group\\"><div class=\\"panel panel-default\\"><div role=\\"tab\\" id=\\"oracle-report-heading-0\\" class=\\"panel-heading\\"><div class=\\"panel-title\\"><a aria-expanded=\\"true\\" class=\\"\\" aria-controls=\\"oracle-report-body-0\\" role=\\"button\\" href=\\"#\\">Database instance info</a></div></div><div class=\\"panel-collapse collapse in\\" id=\\"oracle-report-body-0\\" role=\\"tabpanel\\" aria-labelledby=\\"oracle-report-heading-0\\" aria-expanded=\\"true\\"><div class=\\"panel-body\\"><pre>ORACONF=TSTARDB
DBTYPE=single-ha
DBNAME=TSTARDB
SIDNAME=TSTARDB
DATABASE_CHARACTERSET=AR8MSWIN1256
NODE1=ardb
NODE1IP=192.168.42.120</pre></div></div></div></div></div></div></div></div></div></div>"
`;
