// Jest Snapshot v1, https://goo.gl/fbAQLP

exports[`QuotasTable renders table for quotas 1`] = `"<div class=\\"my-6\\"><h5 class=\\"fw-bold mb-6\\">Compute</h5><div class=\\"row\\"><div class=\\"col-lg-3 col-md-4 col-6\\"><div class=\\"resource-quota-item fw-bold d-flex mb-6\\"><div class=\\"content-center-center\\" style=\\"width:65px;height:65px\\"><div class style=\\"width:65px;height:65px\\"></div></div><div class=\\"ms-3\\"><span class=\\"d-block\\"><span class=\\"fs-4\\">5</span><span class=\\"fs-7\\">/30</span></span><span class=\\"d-block fs-7\\">Instances count</span></div></div></div><div class=\\"col-lg-3 col-md-4 col-6\\"><div class=\\"resource-quota-item fw-bold d-flex mb-6\\"><div class=\\"content-center-center\\" style=\\"width:65px;height:65px\\"><div class style=\\"width:65px;height:65px\\"></div></div><div class=\\"ms-3\\"><span class=\\"d-block\\"><span class=\\"fs-4\\">5</span><span class=\\"fs-7\\">/128 GB</span></span><span class=\\"d-block fs-7\\">RAM</span></div></div></div><div class=\\"col-lg-3 col-md-4 col-6\\"><div class=\\"resource-quota-item fw-bold d-flex mb-6\\"><div class=\\"content-center-center\\" style=\\"width:65px;height:65px\\"><div class style=\\"width:65px;height:65px\\"></div></div><div class=\\"ms-3\\"><span class=\\"d-block\\"><span class=\\"fs-4\\">3</span><span class=\\"fs-7\\">/64</span></span><span class=\\"d-block fs-7\\">vCPU count</span></div></div></div></div></div><div class=\\"my-6\\"><h5 class=\\"fw-bold mb-6\\">Network</h5><div class=\\"row\\"><div class=\\"col-lg-3 col-md-4 col-6\\"><div class=\\"resource-quota-item fw-bold d-flex mb-6\\"><div class=\\"content-center-center\\" style=\\"width:65px;height:65px\\"><div class style=\\"width:65px;height:65px\\"></div></div><div class=\\"ms-3\\"><span class=\\"d-block\\"><span class=\\"fs-4\\">6</span><span class=\\"fs-7\\">/50</span></span><span class=\\"d-block fs-7\\">Floating IP count</span></div></div></div><div class=\\"col-lg-3 col-md-4 col-6\\"><div class=\\"resource-quota-item fw-bold d-flex mb-6\\"><div class=\\"content-center-center\\" style=\\"width:65px;height:65px\\"><div class style=\\"width:65px;height:65px\\"></div></div><div class=\\"ms-3\\"><span class=\\"d-block\\"><span class=\\"fs-4\\">1</span><span class=\\"fs-7\\">/100</span></span><span class=\\"d-block fs-7\\">Network count</span></div></div></div><div class=\\"col-lg-3 col-md-4 col-6\\"><div class=\\"resource-quota-item fw-bold d-flex mb-6\\"><div class=\\"content-center-center\\" style=\\"width:65px;height:65px\\"><div class style=\\"width:65px;height:65px\\"></div></div><div class=\\"ms-3\\"><span class=\\"d-block\\"><span class=\\"fs-4\\">8</span><span class=\\"fs-7\\">/100</span></span><span class=\\"d-block fs-7\\">Security group count</span></div></div></div><div class=\\"col-lg-3 col-md-4 col-6\\"><div class=\\"resource-quota-item fw-bold d-flex mb-6\\"><div class=\\"content-center-center\\" style=\\"width:65px;height:65px\\"><div class style=\\"width:65px;height:65px\\"></div></div><div class=\\"ms-3\\"><span class=\\"d-block\\"><span class=\\"fs-4\\">14</span><span class=\\"fs-7\\">/100</span></span><span class=\\"d-block fs-7\\">Security group rule count</span></div></div></div><div class=\\"col-lg-3 col-md-4 col-6\\"><div class=\\"resource-quota-item fw-bold d-flex mb-6\\"><div class=\\"content-center-center\\" style=\\"width:65px;height:65px\\"><div class style=\\"width:65px;height:65px\\"></div></div><div class=\\"ms-3\\"><span class=\\"d-block\\"><span class=\\"fs-4\\">1</span><span class=\\"fs-7\\">/100</span></span><span class=\\"d-block fs-7\\">Subnet count</span></div></div></div></div></div><div class=\\"my-6\\"><h5 class=\\"fw-bold mb-6\\">Storage</h5><div class=\\"row\\"><div class=\\"col-lg-3 col-md-4 col-6\\"><div class=\\"resource-quota-item fw-bold d-flex mb-6\\"><div class=\\"content-center-center\\" style=\\"width:65px;height:65px\\"><div class style=\\"width:65px;height:65px\\"></div></div><div class=\\"ms-3\\"><span class=\\"d-block\\"><span class=\\"fs-4\\">2</span><span class=\\"fs-7\\">/50</span></span><span class=\\"d-block fs-7\\">Snapshots count</span></div></div></div><div class=\\"col-lg-3 col-md-4 col-6\\"><div class=\\"resource-quota-item fw-bold d-flex mb-6\\"><div class=\\"symbol symbol-65px symbol-circle\\"><div class=\\"image-placeholder\\" style=\\"width:65px;min-width:65px;height:65px;background-color:transparent\\"><div class=\\"symbol-label fs-1 fw-bolder text-muted w-100 h-100\\">50</div></div></div><div class=\\"ms-3\\"><span class=\\"d-block\\"><span class=\\"fs-4\\">50</span><span class=\\"fs-7\\">/&#x221E;</span></span><span class=\\"d-block fs-7\\">Snapshots size</span></div></div></div><div class=\\"col-lg-3 col-md-4 col-6\\"><div class=\\"resource-quota-item fw-bold d-flex mb-6\\"><div class=\\"content-center-center\\" style=\\"width:65px;height:65px\\"><div class style=\\"width:65px;height:65px\\"></div></div><div class=\\"ms-3\\"><span class=\\"d-block\\"><span class=\\"fs-4\\">295</span><span class=\\"fs-7\\">/295 GB</span></span><span class=\\"d-block fs-7\\">Storage</span></div></div></div><div class=\\"col-lg-3 col-md-4 col-6\\"><div class=\\"resource-quota-item fw-bold d-flex mb-6\\"><div class=\\"content-center-center\\" style=\\"width:65px;height:65px\\"><div class style=\\"width:65px;height:65px\\"></div></div><div class=\\"ms-3\\"><span class=\\"d-block\\"><span class=\\"fs-4\\">8</span><span class=\\"fs-7\\">/50</span></span><span class=\\"d-block fs-7\\">Volumes count</span></div></div></div><div class=\\"col-lg-3 col-md-4 col-6\\"><div class=\\"resource-quota-item fw-bold d-flex mb-6\\"><div class=\\"symbol symbol-65px symbol-circle\\"><div class=\\"image-placeholder\\" style=\\"width:65px;min-width:65px;height:65px;background-color:transparent\\"><div class=\\"symbol-label fs-1 fw-bolder text-muted w-100 h-100\\">245</div></div></div><div class=\\"ms-3\\"><span class=\\"d-block\\"><span class=\\"fs-4\\">245</span><span class=\\"fs-7\\">/&#x221E;</span></span><span class=\\"d-block fs-7\\">Volumes size</span></div></div></div></div></div>"`;
