// Jest Snapshot v1, https://goo.gl/fbAQLP

exports[`TenantPortsList renders list 1`] = `"<tr><td><i class=\\"fa fa-chevron-right\\"></i></td><td>192.168.42.14</td><td>fa:16:3e:93:f0:7d</td><td>theses-and-papers-on-mach-sub-net</td><td><div role=\\"group\\" class=\\"btn-group\\"><div data-cy=\\"actions-dropdown-btn\\" class=\\"me-3 d-inline-block dropdown\\"><button type=\\"button\\" aria-expanded=\\"false\\" class=\\"dropdown-toggle btn btn-light\\">Actions</button></div><button type=\\"button\\" class=\\"btn btn-primary btn-sm\\">Details</button></div></td></tr>"`;
